// Jest Snapshot v1, https://goo.gl/fbAQLP

exports[`Button should create a Button instance 1`] = `
<button
  className="button"
/>
`;
