// Jest Snapshot v1, https://goo.gl/fbAQLP

exports[`withAPI should create a withAPI instance with props 1`] = `
<WithAPI>
  <Component
    call={[Function]}
    multipleCalls={[Function]}
  >
    <div />
  </Component>
</WithAPI>
`;
